To honour the JVM settings for this build a single-use Daemon process will be forked. For more on this, please refer to https://docs.gradle.org/8.11/userguide/gradle_daemon.html#sec:disabling_the_daemon in the Gradle documentation.
Daemon will be stopped at the end of the build 

> Configure project :
Fabric Loom: 1.9.2

> Task :compileJava
.\gradlew.bat : E:\涓嬭浇\11\suncatmain\SunCat-Client-main\src\main\java\dev\suncat\mod\modules\impl\combat\SelfTrap.java:
257: 閿欒: 鎵句笉鍒扮鍙?        if (this.usingPause.getValue() && SelfTrap.mc.player.isUsingItem() && !SelfTrap.mc.player.get
ActiveItem().getItem().isFood()) {
所在位置 行:1 字符: 46
+ ... uncatmain\SunCat-Client-main"; .\gradlew.bat compileJava 2>&1 | Tee-O ...
+                                    ~~~~~~~~~~~~~~~~~~~~~~~~~~~~~~
    + CategoryInfo          : NotSpecified: (E:\涓嬭浇\11\sunca...m().isFood()) {:String) [], RemoteException
    + FullyQualifiedErrorId : NativeCommandError
 
                                                                                                                       
    ^
  绗﹀彿:   鏂规硶 isFood()
  浣嶇疆: 绫?Item
E:\涓嬭浇\11\suncatmain\SunCat-Client-main\src\main\java\dev\suncat\mod\modules\impl\combat\SelfTrap.java:387: 閿欒: 鎵句笉鍒扮
鍙?            CombatUtil.attackCrystal(pos, this.rotate.getValue(), this.eatPause.getValue() && !SelfTrap.mc.player.get
ActiveItem().getItem().isFood());
                                                                                                                       
                    ^
  绗﹀彿:   鏂规硶 isFood()
  浣嶇疆: 绫?Item
E:\涓嬭浇\11\suncatmain\SunCat-Client-main\src\main\java\dev\suncat\mod\modules\impl\combat\SelfTrap.java:577: 閿欒: 鎵句笉鍒扮
鍙?            CombatUtil.attackCrystal(pos, this.rotate.getValue(), this.eatPause.getValue() && !SelfTrap.mc.player.get
ActiveItem().getItem().isFood());
                                                                                                                       
                    ^
  绗﹀彿:   鏂规硶 isFood()
  浣嶇疆: 绫?Item
E:\涓嬭浇\11\suncatmain\SunCat-Client-main\src\main\java\dev\suncat\mod\modules\impl\combat\Surround.java:115: 閿欒: 鎵句笉鍒扮
鍙?        this.add(new BooleanSetting("AllowEating", false, () -> this.eatPause.getValue()).injectBoolean(true));
                                                                                         ^
  绗﹀彿:   鏂规硶 injectBoolean(boolean)
  浣嶇疆: 绫?BooleanSetting
E:\涓嬭浇\11\suncatmain\SunCat-Client-main\src\main\java\dev\suncat\mod\modules\impl\combat\Surround.java:218: 閿欒: 鎵句笉鍒扮
鍙?        if (this.usingPause.getValue() && Surround.mc.player.isUsingItem() && !(Surround.mc.player.getActiveItem().ge
tItem().isFood() && this.allowEating.getValue())) {
                                                                                                                       
     ^
  绗﹀彿:   鏂规硶 isFood()
  浣嶇疆: 绫?Item
E:\涓嬭浇\11\suncatmain\SunCat-Client-main\src\main\java\dev\suncat\mod\modules\impl\combat\Surround.java:218: 閿欒: 鎵句笉鍒扮
鍙?        if (this.usingPause.getValue() && Surround.mc.player.isUsingItem() && !(Surround.mc.player.getActiveItem().ge
tItem().isFood() && this.allowEating.getValue())) {
                                                                                                                       
                      ^
  绗﹀彿: 鍙橀噺 allowEating
E:\涓嬭浇\11\suncatmain\SunCat-Client-main\src\main\java\dev\suncat\mod\modules\impl\combat\Surround.java:300: 閿欒: 鎵句笉鍒扮
鍙?                CombatUtil.attackCrystal(pos, this.rotate.getValue(), (this.eatPause.getValue() && !Surround.mc.playe
r.getActiveItem().getItem().isFood()) || (!this.eatPause.getValue()));
                                                                                                                       
                         ^
  绗﹀彿:   鏂规硶 isFood()
  浣嶇疆: 绫?Item
E:\涓嬭浇\11\suncatmain\SunCat-Client-main\src\main\java\dev\suncat\mod\modules\impl\combat\Surround.java:459: 閿欒: 鎵句笉鍒扮
鍙?            CombatUtil.attackCrystal(pos, this.rotate.getValue(), this.eatPause.getValue() && !Surround.mc.player.get
ActiveItem().getItem().isFood());
                                                                                                                       
                    ^
  绗﹀彿:   鏂规硶 isFood()
  浣嶇疆: 绫?Item
娉? 鏌愪簺杈撳叆鏂囦欢浣跨敤鎴栬鐩栦簡宸茶繃鏃剁殑 API銆?
娉? 鏈夊叧璇︾粏淇℃伅, 璇蜂娇鐢?-Xlint:deprecation 閲嶆柊缂栬瘧銆?
娉? 鏌愪簺杈撳叆鏂囦欢浣跨敤浜嗘湭缁忔鏌ユ垨涓嶅畨鍏ㄧ殑鎿嶄綔銆?
娉? 鏈夊叧璇︾粏淇℃伅, 璇蜂娇鐢?-Xlint:unchecked 閲嶆柊缂栬瘧銆?
8 涓敊璇?

> Task :compileJava FAILED
[Incubating] Problems report is available at: file:///E:/%E4%B8%8B%E8%BD%BD/11/suncatmain/SunCat-Client-main/build/reports/problems/problems-report.html


Deprecated Gradle features were used in this build, making it incompatible with Gradle 9.0.

You can use '--warning-mode all' to show the individual deprecation warnings and determine if they come from your own scripts or plugins.

For more on this, please refer to https://docs.gradle.org/8.11/userguide/command_line_interface.html#sec:command_line_warnings in the Gradle documentation.
1 actionable task: 1 executed
FAILURE: Build failed with an exception.

* What went wrong:
Execution failed for task ':compileJava'.
> Compilation failed; see the compiler output below.
  E:\涓嬭浇\11\suncatmain\SunCat-Client-main\src\main\java\dev\suncat\mod\modules\impl\combat\Surround.java:218: 閿欒: 鎵句笉鍒
扮鍙?
          if (this.usingPause.getValue() && Surround.mc.player.isUsingItem() && !(Surround.mc.player.getActiveItem().ge
tItem().isFood() && this.allowEating.getValue())) {
                                                                                                                       
                        ^
    绗﹀彿: 鍙橀噺 allowEating
  娉? 鏌愪簺杈撳叆鏂囦欢浣跨敤浜嗘湭缁忔鏌ユ垨涓嶅畨鍏ㄧ殑鎿嶄綔銆?
  娉? 鏈夊叧璇︾粏淇℃伅, 璇蜂娇鐢?-Xlint:unchecked 閲嶆柊缂栬瘧銆?
  娉? 鏈夊叧璇︾粏淇℃伅, 璇蜂娇鐢?-Xlint:deprecation 閲嶆柊缂栬瘧銆?
  娉? 鏌愪簺杈撳叆鏂囦欢浣跨敤鎴栬鐩栦簡宸茶繃鏃剁殑 API銆?
  E:\涓嬭浇\11\suncatmain\SunCat-Client-main\src\main\java\dev\suncat\mod\modules\impl\combat\SelfTrap.java:257: 閿欒: 鎵句笉鍒
扮鍙?
          if (this.usingPause.getValue() && SelfTrap.mc.player.isUsingItem() && !SelfTrap.mc.player.getActiveItem().get
Item().isFood()) {
                                                                                                                       
      ^
    绗﹀彿:   鏂规硶 isFood()
    浣嶇疆: 绫?Item
  E:\涓嬭浇\11\suncatmain\SunCat-Client-main\src\main\java\dev\suncat\mod\modules\impl\combat\SelfTrap.java:387: 閿欒: 鎵句笉鍒
扮鍙?
              CombatUtil.attackCrystal(pos, this.rotate.getValue(), this.eatPause.getValue() && !SelfTrap.mc.player.get
ActiveItem().getItem().isFood());
                                                                                                                       
                      ^
    绗﹀彿:   鏂规硶 isFood()
    浣嶇疆: 绫?Item
  E:\涓嬭浇\11\suncatmain\SunCat-Client-main\src\main\java\dev\suncat\mod\modules\impl\combat\SelfTrap.java:577: 閿欒: 鎵句笉鍒
扮鍙?
              CombatUtil.attackCrystal(pos, this.rotate.getValue(), this.eatPause.getValue() && !SelfTrap.mc.player.get
ActiveItem().getItem().isFood());
                                                                                                                       
                      ^
    绗﹀彿:   鏂规硶 isFood()
    浣嶇疆: 绫?Item
  E:\涓嬭浇\11\suncatmain\SunCat-Client-main\src\main\java\dev\suncat\mod\modules\impl\combat\Surround.java:115: 閿欒: 鎵句笉鍒
扮鍙?
          this.add(new BooleanSetting("AllowEating", false, () -> this.eatPause.getValue()).injectBoolean(true));
                                                                                           ^
    绗﹀彿:   鏂规硶 injectBoolean(boolean)
    浣嶇疆: 绫?BooleanSetting
  E:\涓嬭浇\11\suncatmain\SunCat-Client-main\src\main\java\dev\suncat\mod\modules\impl\combat\Surround.java:218: 閿欒: 鎵句笉鍒
扮鍙?
          if (this.usingPause.getValue() && Surround.mc.player.isUsingItem() && !(Surround.mc.player.getActiveItem().ge
tItem().isFood() && this.allowEating.getValue())) {
                                                                                                                       
       ^
    绗﹀彿:   鏂规硶 isFood()
    浣嶇疆: 绫?Item
  E:\涓嬭浇\11\suncatmain\SunCat-Client-main\src\main\java\dev\suncat\mod\modules\impl\combat\Surround.java:300: 閿欒: 鎵句笉鍒
扮鍙?
                  CombatUtil.attackCrystal(pos, this.rotate.getValue(), (this.eatPause.getValue() && !Surround.mc.playe
r.getActiveItem().getItem().isFood()) || (!this.eatPause.getValue()));
                                                                                                                       
                           ^
    绗﹀彿:   鏂规硶 isFood()
    浣嶇疆: 绫?Item
  E:\涓嬭浇\11\suncatmain\SunCat-Client-main\src\main\java\dev\suncat\mod\modules\impl\combat\Surround.java:459: 閿欒: 鎵句笉鍒
扮鍙?
              CombatUtil.attackCrystal(pos, this.rotate.getValue(), this.eatPause.getValue() && !Surround.mc.player.get
ActiveItem().getItem().isFood());
                                                                                                                       
                      ^
    绗﹀彿:   鏂规硶 isFood()
    浣嶇疆: 绫?Item
  8 涓敊璇?

* Try:
> Check your code and dependencies to fix the compilation error(s)
> Run with --scan to get full insights.

BUILD FAILED in 1m 37s
